# == Policy document ==
plugins:
- name: jwt-internal
  kind: identity/jwt
  capabilities:
  - perform_http
  hooks:
  - identity.resolve
  on_error: fail
  config:
    role: user
    header: Authorization
    trusted_issuers:
    - issuer: ''
      skip_audience_validation: true
      algorithms:
      - RS256
      decoding_key:
        kind: jwks_url
        url: https://sso.internal.example.com/jwks
    claim_mapper: standard
global:
  authentication:
  - jwt-internal
  authorization:
    pre_invocation:
    - require(authenticated)
    - cel:
        expr: '!((http.host.endsWith(''.internal.example.com''))) || (((claim.email_verified == true)))'
  pdp:
  - kind: cel

# == Praxis filter block ==
filter: policy
config_path: /etc/praxis/gateway-defaults-policy-doc.yaml

# == Coverage report ==
AuthPolicy → Praxis coverage report
===================================
translated: 4   approximated: 1   skipped: 3

[INFO ] skipped       spec.targetRef
          Gateway API binding is not translated; wire the emitted filter block into a Praxis chain manually.
[WARN ] approximated  spec.defaults/overrides
          defaults/overrides hierarchy is not resolved; translated as a single flat policy.
[INFO ] translated    authentication/jwt-internal
          JWT → identity/jwt (role: user; algorithms default to RS256 — widen in the emitted policy if the IdP signs with ES256/etc.).
[INFO ] translated    authentication/jwt-internal
          a Kuadrant JWT block cannot express an audience, so the emitted issuer sets skip_audience_validation: true, which is the same `aud` posture as before. Narrow it by listing the audiences the IdP mints for this gateway.
[INFO ] translated    spec.when
          policy activation condition folded into the global policy steps.
[INFO ] translated    authorization/email-verified
          patternMatching → CEL PDP step (`cel: { expr }`).
[WARN ] skipped       metadata/user-profile
          external metadata fetch is not translated this iteration (best-effort APL bridge is Phase B).
[WARN ] skipped       callbacks/audit-log
          post-auth callbacks are not translated this iteration (best-effort APL bridge is Phase B).
